// Jest Snapshot v1, https://goo.gl/fbAQLP

exports[`AppBar Shallow render +++ render Styled component 1`] = `
<div
  className="sc-bdVaJa ipOFWd"
/>
`;
